// Jest Snapshot v1, https://goo.gl/fbAQLP

exports[`<MenuItemView /> renders correctly 1`] = `
<DocumentFragment>
  <div>
    Loading...
  </div>
</DocumentFragment>
`;
